// Jest Snapshot v1, https://goo.gl/fbAQLP

exports[`Prueba en <GifExpertApp /> Debe mostrarse correctamente 1`] = `
<Fragment>
  <h2>
    GifExpertApp
  </h2>
  <CategoryAdd
    setCategories={[Function]}
  />
  <hr />
  <ul>
    <GifGrid
      category="Death Note"
      key="Death Note"
    />
  </ul>
</Fragment>
`;
